*** Using Compiler 'V6.23', folder: 'F:\Keil_v5\ARM\ARMCLANG\Bin'
Rebuild target 'RD_L496'
compiling stm32l4xx_hal_msp.c...
compiling quadspi.c...
compiling dma.c...
compiling stm32l4xx_it.c...
compiling spi.c...
compiling i2c.c...
compiling tim.c...
compiling usart.c...
assembling startup_stm32l496xx.s...
compiling main.c...
compiling gpio.c...
compiling stm32l4xx_hal_flash.c...
compiling stm32l4xx_hal_flash_ex.c...
compiling stm32l4xx_hal_dma_ex.c...
compiling stm32l4xx_hal_flash_ramfunc.c...
compiling stm32l4xx_hal_i2c_ex.c...
compiling stm32l4xx_hal_pwr.c...
compiling stm32l4xx_hal_dma.c...
compiling stm32l4xx_hal_gpio.c...
compiling stm32l4xx_hal.c...
compiling stm32l4xx_hal_rcc.c...
compiling stm32l4xx_hal_rcc_ex.c...
compiling stm32l4xx_hal_i2c.c...
compiling stm32l4xx_hal_pwr_ex.c...
compiling stm32l4xx_hal_cortex.c...
compiling stm32l4xx_hal_exti.c...
compiling stm32l4xx_hal_spi_ex.c...
compiling stm32l4xx_hal_uart_ex.c...
compiling system_stm32l4xx.c...
compiling bsp_i2c.c...
compiling bsp_gpio.c...
compiling stm32l4xx_hal_qspi.c...
compiling stm32l4xx_hal_tim_ex.c...
compiling bsp_spi.c...
compiling bsp_qspi.c...
compiling stm32l4xx_hal_spi.c...
compiling bsp_timer.c...
compiling stm32l4xx_hal_uart.c...
compiling bsp_usart.c...
compiling 24lc256.c...
compiling ad5421.c...
compiling stlm75m2f.c...
compiling adcs7477.c...
compiling delay.c...
compiling adcs7476.c...
compiling w25q128jv.c...
compiling stm32l4xx_hal_tim.c...
compiling app_radar.c...
compiling app_hart.c...
compiling app_algorithm.c...
compiling app_config.c...
compiling app_disp.c...
compiling app_hwtest.c...
linking...
Program Size: Code=45856 RO-data=1016 RW-data=28 ZI-data=41476  
FromELF: creating hex file...
"RD_L496\RD_L496.axf" - 0 Error(s), 0 Warning(s).
Build Time Elapsed:  00:00:03
